 
****************************************
Report : power
        -analysis_effort low
Design : DLX_IR_SIZE32_PC_SIZE32
Version: O-2018.06-SP4
Date   : Sun Sep 13 02:09:18 2020
****************************************


Library(s) Used:

    NangateOpenCellLibrary (File: /home/mariagrazia.graziano/do/libnangate/NangateOpenCellLibrary_typical_ecsm.db)


Operating Conditions: typical   Library: NangateOpenCellLibrary
Wire Load Model Mode: top

Design        Wire Load Model            Library
------------------------------------------------
DLX_IR_SIZE32_PC_SIZE32
                       5K_hvratio_1_1    NangateOpenCellLibrary


Global Operating Voltage = 1.1  
Power-specific unit information :
    Voltage Units = 1V
    Capacitance Units = 1.000000ff
    Time Units = 1ns
    Dynamic Power Units = 1uW    (derived from V,C,T units)
    Leakage Power Units = 1nW


  Cell Internal Power  =   1.3551 mW   (97%)
  Net Switching Power  =  38.2864 uW    (3%)
                         ---------
Total Dynamic Power    =   1.3934 mW  (100%)

Cell Leakage Power     = 477.2247 uW


                 Internal         Switching           Leakage            Total
Power Group      Power            Power               Power              Power   (   %    )  Attrs
--------------------------------------------------------------------------------------------------
io_pad             0.0000            0.0000            0.0000            0.0000  (   0.00%)
memory             0.0000            0.0000            0.0000            0.0000  (   0.00%)
black_box          0.0000            0.0000            0.0000            0.0000  (   0.00%)
clock_network  3.7494e-02            0.4339           25.4601            0.4969  (   0.03%)
register       1.3434e+03           13.4300        2.8127e+05        1.6381e+03  (  87.57%)
sequential         1.7119            0.2338        5.4123e+03            7.3580  (   0.39%)
combinational      9.9284           24.1886        1.9052e+05          224.6344  (  12.01%)
--------------------------------------------------------------------------------------------------
Total          1.3551e+03 uW        38.2863 uW     4.7722e+05 nW     1.8706e+03 uW
1
