 
****************************************
Report : power
        -analysis_effort low
Design : DLX_IR_SIZE32_PC_SIZE32
Version: O-2018.06-SP4
Date   : Sun Sep 13 02:12:16 2020
****************************************


Library(s) Used:

    NangateOpenCellLibrary (File: /home/mariagrazia.graziano/do/libnangate/NangateOpenCellLibrary_typical_ecsm.db)


Operating Conditions: typical   Library: NangateOpenCellLibrary
Wire Load Model Mode: top

Design        Wire Load Model            Library
------------------------------------------------
DLX_IR_SIZE32_PC_SIZE32
                       5K_hvratio_1_1    NangateOpenCellLibrary


Global Operating Voltage = 1.1  
Power-specific unit information :
    Voltage Units = 1V
    Capacitance Units = 1.000000ff
    Time Units = 1ns
    Dynamic Power Units = 1uW    (derived from V,C,T units)
    Leakage Power Units = 1nW


  Cell Internal Power  =   1.1930 mW   (97%)
  Net Switching Power  =  36.7294 uW    (3%)
                         ---------
Total Dynamic Power    =   1.2297 mW  (100%)

Cell Leakage Power     = 455.9162 uW


                 Internal         Switching           Leakage            Total
Power Group      Power            Power               Power              Power   (   %    )  Attrs
--------------------------------------------------------------------------------------------------
io_pad             0.0000            0.0000            0.0000            0.0000  (   0.00%)
memory             0.0000            0.0000            0.0000            0.0000  (   0.00%)
black_box          0.0000            0.0000            0.0000            0.0000  (   0.00%)
clock_network  3.3097e-02            0.3831           25.4638            0.4416  (   0.03%)
register       1.1832e+03            8.7994        2.6618e+05        1.4582e+03  (  86.51%)
sequential         1.5146            0.2128        5.4162e+03            7.1436  (   0.42%)
combinational      8.2540           27.3339        1.8430e+05          219.8856  (  13.04%)
--------------------------------------------------------------------------------------------------
Total          1.1930e+03 uW        36.7292 uW     4.5592e+05 nW     1.6857e+03 uW
1
