Loading db file '/home/mariagrazia.graziano/do/libnangate/NangateOpenCellLibrary_typical_ecsm.db'
Information: Propagating switching activity (low effort zero delay simulation). (PWR-6)
Warning: There is no defined clock in the design. (PWR-80)
Warning: Design has unannotated primary inputs. (PWR-414)
Warning: Design has unannotated sequential cell outputs. (PWR-415)
 
****************************************
Report : power
        -analysis_effort low
Design : DLX_IR_SIZE32_PC_SIZE32
Version: O-2018.06-SP4
Date   : Sun Sep 13 01:58:46 2020
****************************************


Library(s) Used:

    NangateOpenCellLibrary (File: /home/mariagrazia.graziano/do/libnangate/NangateOpenCellLibrary_typical_ecsm.db)


Operating Conditions: typical   Library: NangateOpenCellLibrary
Wire Load Model Mode: top

Design        Wire Load Model            Library
------------------------------------------------
DLX_IR_SIZE32_PC_SIZE32
                       5K_hvratio_1_1    NangateOpenCellLibrary


Global Operating Voltage = 1.1  
Power-specific unit information :
    Voltage Units = 1V
    Capacitance Units = 1.000000ff
    Time Units = 1ns
    Dynamic Power Units = 1uW    (derived from V,C,T units)
    Leakage Power Units = 1nW


  Cell Internal Power  =   1.7349 mW   (60%)
  Net Switching Power  =   1.1540 mW   (40%)
                         ---------
Total Dynamic Power    =   2.8888 mW  (100%)

Cell Leakage Power     = 512.2692 uW


                 Internal         Switching           Leakage            Total
Power Group      Power            Power               Power              Power   (   %    )  Attrs
--------------------------------------------------------------------------------------------------
io_pad             0.0000            0.0000            0.0000            0.0000  (   0.00%)
memory             0.0000            0.0000            0.0000            0.0000  (   0.00%)
black_box          0.0000            0.0000            0.0000            0.0000  (   0.00%)
clock_network     83.7947          309.9516        5.6371e+03          399.3821  (  11.74%)
register       1.2310e+03            6.0912        2.6247e+05        1.4995e+03  (  44.09%)
sequential         4.0734            1.2971        1.9104e+04           24.4748  (   0.72%)
combinational    416.0289          836.6550        2.2506e+05        1.4777e+03  (  43.45%)
--------------------------------------------------------------------------------------------------
Total          1.7349e+03 uW     1.1540e+03 uW     5.1227e+05 nW     3.4011e+03 uW
1
