 
****************************************
Report : power
        -analysis_effort low
Design : DLX_IR_SIZE32_PC_SIZE32
Version: O-2018.06-SP4
Date   : Sun Sep 13 02:18:18 2020
****************************************


Library(s) Used:

    NangateOpenCellLibrary (File: /home/mariagrazia.graziano/do/libnangate/NangateOpenCellLibrary_typical_ecsm.db)


Operating Conditions: typical   Library: NangateOpenCellLibrary
Wire Load Model Mode: top

Design        Wire Load Model            Library
------------------------------------------------
DLX_IR_SIZE32_PC_SIZE32
                       5K_hvratio_1_1    NangateOpenCellLibrary


Global Operating Voltage = 1.1  
Power-specific unit information :
    Voltage Units = 1V
    Capacitance Units = 1.000000ff
    Time Units = 1ns
    Dynamic Power Units = 1uW    (derived from V,C,T units)
    Leakage Power Units = 1nW


  Cell Internal Power  =   1.2913 mW   (97%)
  Net Switching Power  =  39.6272 uW    (3%)
                         ---------
Total Dynamic Power    =   1.3309 mW  (100%)

Cell Leakage Power     = 452.4045 uW


                 Internal         Switching           Leakage            Total
Power Group      Power            Power               Power              Power   (   %    )  Attrs
--------------------------------------------------------------------------------------------------
io_pad             0.0000            0.0000            0.0000            0.0000  (   0.00%)
memory             0.0000            0.0000            0.0000            0.0000  (   0.00%)
black_box          0.0000            0.0000            0.0000            0.0000  (   0.00%)
clock_network  3.7228e-02            0.4309           25.4608            0.4936  (   0.03%)
register       1.2805e+03            8.0692        2.6130e+05        1.5499e+03  (  86.91%)
sequential         1.7354            0.2484        5.4193e+03            7.4031  (   0.42%)
combinational      9.0397           30.8787        1.8566e+05          225.5756  (  12.65%)
--------------------------------------------------------------------------------------------------
Total          1.2913e+03 uW        39.6271 uW     4.5240e+05 nW     1.7833e+03 uW
1
