 
****************************************
Report : power
        -analysis_effort low
Design : DLX_IR_SIZE32_PC_SIZE32
Version: O-2018.06-SP4
Date   : Sun Sep 13 02:06:36 2020
****************************************


Library(s) Used:

    NangateOpenCellLibrary (File: /home/mariagrazia.graziano/do/libnangate/NangateOpenCellLibrary_typical_ecsm.db)


Operating Conditions: typical   Library: NangateOpenCellLibrary
Wire Load Model Mode: top

Design        Wire Load Model            Library
------------------------------------------------
DLX_IR_SIZE32_PC_SIZE32
                       5K_hvratio_1_1    NangateOpenCellLibrary


Global Operating Voltage = 1.1  
Power-specific unit information :
    Voltage Units = 1V
    Capacitance Units = 1.000000ff
    Time Units = 1ns
    Dynamic Power Units = 1uW    (derived from V,C,T units)
    Leakage Power Units = 1nW


  Cell Internal Power  = 884.8231 uW   (96%)
  Net Switching Power  =  32.6796 uW    (4%)
                         ---------
Total Dynamic Power    = 917.5026 uW  (100%)

Cell Leakage Power     = 347.0575 uW


                 Internal         Switching           Leakage            Total
Power Group      Power            Power               Power              Power   (   %    )  Attrs
--------------------------------------------------------------------------------------------------
io_pad             0.0000            0.0000            0.0000            0.0000  (   0.00%)
memory             0.0000            0.0000            0.0000            0.0000  (   0.00%)
black_box          0.0000            0.0000            0.0000            0.0000  (   0.00%)
clock_network  3.8836e-02            0.4418           25.4720            0.5061  (   0.04%)
register         875.7198            2.9815        1.5905e+05        1.0377e+03  (  82.06%)
sequential         1.3816            0.2235        5.3792e+03            6.9842  (   0.55%)
combinational      7.6972           29.0329        1.8261e+05          219.3372  (  17.34%)
--------------------------------------------------------------------------------------------------
Total            884.8374 uW        32.6796 uW     3.4706e+05 nW     1.2646e+03 uW
1
