 
****************************************
Report : power
        -analysis_effort low
Design : DLX_IR_SIZE32_PC_SIZE32
Version: O-2018.06-SP4
Date   : Sun Sep 13 02:21:20 2020
****************************************


Library(s) Used:

    NangateOpenCellLibrary (File: /home/mariagrazia.graziano/do/libnangate/NangateOpenCellLibrary_typical_ecsm.db)


Operating Conditions: typical   Library: NangateOpenCellLibrary
Wire Load Model Mode: top

Design        Wire Load Model            Library
------------------------------------------------
DLX_IR_SIZE32_PC_SIZE32
                       5K_hvratio_1_1    NangateOpenCellLibrary


Global Operating Voltage = 1.1  
Power-specific unit information :
    Voltage Units = 1V
    Capacitance Units = 1.000000ff
    Time Units = 1ns
    Dynamic Power Units = 1uW    (derived from V,C,T units)
    Leakage Power Units = 1nW


  Cell Internal Power  =   1.1833 mW   (97%)
  Net Switching Power  =  32.5501 uW    (3%)
                         ---------
Total Dynamic Power    =   1.2158 mW  (100%)

Cell Leakage Power     = 470.2082 uW


                 Internal         Switching           Leakage            Total
Power Group      Power            Power               Power              Power   (   %    )  Attrs
--------------------------------------------------------------------------------------------------
io_pad             0.0000            0.0000            0.0000            0.0000  (   0.00%)
memory             0.0000            0.0000            0.0000            0.0000  (   0.00%)
black_box          0.0000            0.0000            0.0000            0.0000  (   0.00%)
clock_network  3.3608e-02            0.3890           25.4618            0.4481  (   0.03%)
register       1.1734e+03            9.9721        2.7074e+05        1.4541e+03  (  86.24%)
sequential         1.5457            0.2236        5.4127e+03            7.1820  (   0.43%)
combinational      8.3375           21.9652        1.9403e+05          224.3322  (  13.31%)
--------------------------------------------------------------------------------------------------
Total          1.1833e+03 uW        32.5500 uW     4.7021e+05 nW     1.6860e+03 uW
1
