 
****************************************
Report : area
Design : DLX_IR_SIZE32_PC_SIZE32
Version: O-2018.06-SP4
Date   : Mon Aug 31 21:30:10 2020
****************************************

Library(s) Used:

    NangateOpenCellLibrary (File: /home/mariagrazia.graziano/do/libnangate/NangateOpenCellLibrary_typical_ecsm.db)

Number of ports:                          359
Number of nets:                          9403
Number of cells:                         7950
Number of combinational cells:           5907
Number of sequential cells:              2040
Number of macros/black boxes:               0
Number of buf/inv:                        684
Number of references:                      32

Combinational area:               7337.876143
Buf/Inv area:                      418.151998
Noncombinational area:            9481.303966
Macro/Black Box area:                0.000000
Net Interconnect area:      undefined  (Wire load has zero net area)

Total cell area:                 16819.180109
Total area:                 undefined
1
